albert
alsa-firmware
amd-ucode
ani-cli
arch-install-scripts
ark
auto-cpufreq
baobab
base
base-devel
bat
bibata-cursor-theme
blueman
bluez
bluez-utils
brightnessctl
btop
btrfs-assistant
cava
cdrtools
chaotic-keyring
chaotic-mirrorlist
cmatrix
downgrade
efibootmgr
eza
fastfetch
fish
git
github-cli
gnome-calculator
gnome-clocks
gnome-keyring
graphite-gtk-theme-black-git
grub
grub-btrfs
gruvbox-plus-icon-theme-git
gvfs
hypridle-git
hyprland-git
hyprlock-git
hyprpicker-git
hyprshot-git
hyprsunset-git
inotify-tools
kate
kconnect-bin
kdeconnect
kitty
kvantum
libappindicator-gtk3
librewolf-bin
limitcpu
linux-firmware
linux-zen
linux-zen-headers
lollypop
man-db
matugen-bin
neovim
network-manager-applet
networkmanager
noto-fonts
noto-fonts-cjk
noto-fonts-emoji
ntfs-3g
nwg-look
os-prober
pacman-contrib
paru
paru-debug
pavucontrol
pipes.sh
pipewire
pipewire-alsa
pipewire-audio
pipewire-jack
pipewire-pulse
plymouth
polkit-gnome
python-pip
python-pywal16
qt6-virtualkeyboard
qt6ct
qview
reflector
rofi-wayland
sbctl
sddm
seahorse
snap-pac
snapper
sof-firmware
spotdl
spotify-launcher
starship
stow
sudo
swaync
swww
tealdeer
tesseract
thunar
ttf-font-awesome
ttf-jetbrains-mono
ttf-liberation
ttf-nerd-fonts-symbols
ttf-ubuntu-font-family
tumbler
unzip
vulkan-radeon
waybar
wf-recorder
whitesur-gtk-theme-git
xdg-desktop-portal-gtk
xdg-desktop-portal-hyprland-git
xdg-user-dirs
yad
yt-dlp
zed
zoxide
zram-generator
